Archive member included to satisfy reference by file (symbol)

/Applications/STM32CubeIDE.app/Contents/Eclipse/plugins/com.st.stm32cube.ide.mcu.externaltools.gnu-tools-for-stm32.7-2018-q2-update.macos64_1.5.0.202011040924/tools/bin/../lib/gcc/arm-none-eabi/7.3.1/../../../../arm-none-eabi/lib/thumb/v7e-m/fpv4-sp/hard/libc_nano.a(lib_a-errno.o)
                              Core/Src/syscalls.o (__errno)
/Applications/STM32CubeIDE.app/Contents/Eclipse/plugins/com.st.stm32cube.ide.mcu.externaltools.gnu-tools-for-stm32.7-2018-q2-update.macos64_1.5.0.202011040924/tools/bin/../lib/gcc/arm-none-eabi/7.3.1/../../../../arm-none-eabi/lib/thumb/v7e-m/fpv4-sp/hard/libc_nano.a(lib_a-exit.o)
                              /Applications/STM32CubeIDE.app/Contents/Eclipse/plugins/com.st.stm32cube.ide.mcu.externaltools.gnu-tools-for-stm32.7-2018-q2-update.macos64_1.5.0.202011040924/tools/bin/../lib/gcc/arm-none-eabi/7.3.1/../../../../arm-none-eabi/lib/thumb/v7e-m/fpv4-sp/hard/crt0.o (exit)
/Applications/STM32CubeIDE.app/Contents/Eclipse/plugins/com.st.stm32cube.ide.mcu.externaltools.gnu-tools-for-stm32.7-2018-q2-update.macos64_1.5.0.202011040924/tools/bin/../lib/gcc/arm-none-eabi/7.3.1/../../../../arm-none-eabi/lib/thumb/v7e-m/fpv4-sp/hard/libc_nano.a(lib_a-impure.o)
                              /Applications/STM32CubeIDE.app/Contents/Eclipse/plugins/com.st.stm32cube.ide.mcu.externaltools.gnu-tools-for-stm32.7-2018-q2-update.macos64_1.5.0.202011040924/tools/bin/../lib/gcc/arm-none-eabi/7.3.1/../../../../arm-none-eabi/lib/thumb/v7e-m/fpv4-sp/hard/libc_nano.a(lib_a-exit.o) (_global_impure_ptr)
/Applications/STM32CubeIDE.app/Contents/Eclipse/plugins/com.st.stm32cube.ide.mcu.externaltools.gnu-tools-for-stm32.7-2018-q2-update.macos64_1.5.0.202011040924/tools/bin/../lib/gcc/arm-none-eabi/7.3.1/../../../../arm-none-eabi/lib/thumb/v7e-m/fpv4-sp/hard/libc_nano.a(lib_a-init.o)
                              /Applications/STM32CubeIDE.app/Contents/Eclipse/plugins/com.st.stm32cube.ide.mcu.externaltools.gnu-tools-for-stm32.7-2018-q2-update.macos64_1.5.0.202011040924/tools/bin/../lib/gcc/arm-none-eabi/7.3.1/../../../../arm-none-eabi/lib/thumb/v7e-m/fpv4-sp/hard/crt0.o (__libc_init_array)
/Applications/STM32CubeIDE.app/Contents/Eclipse/plugins/com.st.stm32cube.ide.mcu.externaltools.gnu-tools-for-stm32.7-2018-q2-update.macos64_1.5.0.202011040924/tools/bin/../lib/gcc/arm-none-eabi/7.3.1/../../../../arm-none-eabi/lib/thumb/v7e-m/fpv4-sp/hard/libc_nano.a(lib_a-memset.o)
                              /Applications/STM32CubeIDE.app/Contents/Eclipse/plugins/com.st.stm32cube.ide.mcu.externaltools.gnu-tools-for-stm32.7-2018-q2-update.macos64_1.5.0.202011040924/tools/bin/../lib/gcc/arm-none-eabi/7.3.1/../../../../arm-none-eabi/lib/thumb/v7e-m/fpv4-sp/hard/crt0.o (memset)
/Applications/STM32CubeIDE.app/Contents/Eclipse/plugins/com.st.stm32cube.ide.mcu.externaltools.gnu-tools-for-stm32.7-2018-q2-update.macos64_1.5.0.202011040924/tools/bin/../lib/gcc/arm-none-eabi/7.3.1/thumb/v7e-m/fpv4-sp/hard/libgcc.a(_aeabi_uldivmod.o)
                              Drivers/STM32F4xx_HAL_Driver/Src/stm32f4xx_hal_rcc.o (__aeabi_uldivmod)
/Applications/STM32CubeIDE.app/Contents/Eclipse/plugins/com.st.stm32cube.ide.mcu.externaltools.gnu-tools-for-stm32.7-2018-q2-update.macos64_1.5.0.202011040924/tools/bin/../lib/gcc/arm-none-eabi/7.3.1/thumb/v7e-m/fpv4-sp/hard/libgcc.a(_udivmoddi4.o)
                              /Applications/STM32CubeIDE.app/Contents/Eclipse/plugins/com.st.stm32cube.ide.mcu.externaltools.gnu-tools-for-stm32.7-2018-q2-update.macos64_1.5.0.202011040924/tools/bin/../lib/gcc/arm-none-eabi/7.3.1/thumb/v7e-m/fpv4-sp/hard/libgcc.a(_aeabi_uldivmod.o) (__udivmoddi4)
/Applications/STM32CubeIDE.app/Contents/Eclipse/plugins/com.st.stm32cube.ide.mcu.externaltools.gnu-tools-for-stm32.7-2018-q2-update.macos64_1.5.0.202011040924/tools/bin/../lib/gcc/arm-none-eabi/7.3.1/thumb/v7e-m/fpv4-sp/hard/libgcc.a(_dvmd_tls.o)
                              /Applications/STM32CubeIDE.app/Contents/Eclipse/plugins/com.st.stm32cube.ide.mcu.externaltools.gnu-tools-for-stm32.7-2018-q2-update.macos64_1.5.0.202011040924/tools/bin/../lib/gcc/arm-none-eabi/7.3.1/thumb/v7e-m/fpv4-sp/hard/libgcc.a(_aeabi_uldivmod.o) (__aeabi_ldiv0)

Allocating common symbols
Common symbol       size              file

uwTick              0x4               Drivers/STM32F4xx_HAL_Driver/Src/stm32f4xx_hal.o
pFlash              0x20              Drivers/STM32F4xx_HAL_Driver/Src/stm32f4xx_hal_flash.o

Discarded input sections

 .text          0x0000000000000000        0x0 /Applications/STM32CubeIDE.app/Contents/Eclipse/plugins/com.st.stm32cube.ide.mcu.externaltools.gnu-tools-for-stm32.7-2018-q2-update.macos64_1.5.0.202011040924/tools/bin/../lib/gcc/arm-none-eabi/7.3.1/thumb/v7e-m/fpv4-sp/hard/crti.o
[...]
Memory Configuration

Name             Origin             Length             Attributes
CCMRAM           0x0000000010000000 0x0000000000010000 xrw
RAM              0x0000000020000000 0x0000000000020000 xrw
FLASH            0x0000000008000000 0x0000000000080000 xr
*default*        0x0000000000000000 0xffffffffffffffff

Linker script and memory map

LOAD /Applications/STM32CubeIDE.app/Contents/Eclipse/plugins/com.st.stm32cube.ide.mcu.externaltools.gnu-tools-for-stm32.7-2018-q2-update.macos64_1.5.0.202011040924/tools/bin/../lib/gcc/arm-none-eabi/7.3.1/thumb/v7e-m/fpv4-sp/hard/crti.o
LOAD /Applications/STM32CubeIDE.app/Contents/Eclipse/plugins/com.st.stm32cube.ide.mcu.externaltools.gnu-tools-for-stm32.7-2018-q2-update.macos64_1.5.0.202011040924/tools/bin/../lib/gcc/arm-none-eabi/7.3.1/thumb/v7e-m/fpv4-sp/hard/crtbegin.o
LOAD /Applications/STM32CubeIDE.app/Contents/Eclipse/plugins/com.st.stm32cube.ide.mcu.externaltools.gnu-tools-for-stm32.7-2018-q2-update.macos64_1.5.0.202011040924/tools/bin/../lib/gcc/arm-none-eabi/7.3.1/../../../../arm-none-eabi/lib/thumb/v7e-m/fpv4-sp/hard/crt0.o
LOAD Core/Src/main.o
LOAD Core/Src/stm32f4xx_hal_msp.o
LOAD Core/Src/stm32f4xx_it.o
LOAD Core/Src/syscalls.o
LOAD Core/Src/sysmem.o
LOAD Core/Src/system_stm32f4xx.o
LOAD Core/Startup/startup_stm32f407vetx.o
LOAD Drivers/STM32F4xx_HAL_Driver/Src/stm32f4xx_hal.o
LOAD Drivers/STM32F4xx_HAL_Driver/Src/stm32f4xx_hal_cortex.o
LOAD Drivers/STM32F4xx_HAL_Driver/Src/stm32f4xx_hal_dma.o
LOAD Drivers/STM32F4xx_HAL_Driver/Src/stm32f4xx_hal_dma_ex.o
LOAD Drivers/STM32F4xx_HAL_Driver/Src/stm32f4xx_hal_exti.o
LOAD Drivers/STM32F4xx_HAL_Driver/Src/stm32f4xx_hal_flash.o
LOAD Drivers/STM32F4xx_HAL_Driver/Src/stm32f4xx_hal_flash_ex.o
LOAD Drivers/STM32F4xx_HAL_Driver/Src/stm32f4xx_hal_flash_ramfunc.o
LOAD Drivers/STM32F4xx_HAL_Driver/Src/stm32f4xx_hal_gpio.o
LOAD Drivers/STM32F4xx_HAL_Driver/Src/stm32f4xx_hal_pwr.o
LOAD Drivers/STM32F4xx_HAL_Driver/Src/stm32f4xx_hal_pwr_ex.o
LOAD Drivers/STM32F4xx_HAL_Driver/Src/stm32f4xx_hal_rcc.o
LOAD Drivers/STM32F4xx_HAL_Driver/Src/stm32f4xx_hal_rcc_ex.o
LOAD Drivers/STM32F4xx_HAL_Driver/Src/stm32f4xx_hal_tim.o
LOAD Drivers/STM32F4xx_HAL_Driver/Src/stm32f4xx_hal_tim_ex.o
START GROUP
LOAD /Applications/STM32CubeIDE.app/Contents/Eclipse/plugins/com.st.stm32cube.ide.mcu.externaltools.gnu-tools-for-stm32.7-2018-q2-update.macos64_1.5.0.202011040924/tools/bin/../lib/gcc/arm-none-eabi/7.3.1/../../../../arm-none-eabi/lib/thumb/v7e-m/fpv4-sp/hard/libc_nano.a
LOAD /Applications/STM32CubeIDE.app/Contents/Eclipse/plugins/com.st.stm32cube.ide.mcu.externaltools.gnu-tools-for-stm32.7-2018-q2-update.macos64_1.5.0.202011040924/tools/bin/../lib/gcc/arm-none-eabi/7.3.1/../../../../arm-none-eabi/lib/thumb/v7e-m/fpv4-sp/hard/libm.a
END GROUP
START GROUP
LOAD /Applications/STM32CubeIDE.app/Contents/Eclipse/plugins/com.st.stm32cube.ide.mcu.externaltools.gnu-tools-for-stm32.7-2018-q2-update.macos64_1.5.0.202011040924/tools/bin/../lib/gcc/arm-none-eabi/7.3.1/thumb/v7e-m/fpv4-sp/hard/libgcc.a
LOAD /Applications/STM32CubeIDE.app/Contents/Eclipse/plugins/com.st.stm32cube.ide.mcu.externaltools.gnu-tools-for-stm32.7-2018-q2-update.macos64_1.5.0.202011040924/tools/bin/../lib/gcc/arm-none-eabi/7.3.1/../../../../arm-none-eabi/lib/thumb/v7e-m/fpv4-sp/hard/libc_nano.a
END GROUP
START GROUP
LOAD /Applications/STM32CubeIDE.app/Contents/Eclipse/plugins/com.st.stm32cube.ide.mcu.externaltools.gnu-tools-for-stm32.7-2018-q2-update.macos64_1.5.0.202011040924/tools/bin/../lib/gcc/arm-none-eabi/7.3.1/thumb/v7e-m/fpv4-sp/hard/libgcc.a
LOAD /Applications/STM32CubeIDE.app/Contents/Eclipse/plugins/com.st.stm32cube.ide.mcu.externaltools.gnu-tools-for-stm32.7-2018-q2-update.macos64_1.5.0.202011040924/tools/bin/../lib/gcc/arm-none-eabi/7.3.1/../../../../arm-none-eabi/lib/thumb/v7e-m/fpv4-sp/hard/libc_nano.a
LOAD /Applications/STM32CubeIDE.app/Contents/Eclipse/plugins/com.st.stm32cube.ide.mcu.externaltools.gnu-tools-for-stm32.7-2018-q2-update.macos64_1.5.0.202011040924/tools/bin/../lib/gcc/arm-none-eabi/7.3.1/../../../../arm-none-eabi/lib/thumb/v7e-m/fpv4-sp/hard/libnosys.a
END GROUP
START GROUP
LOAD /Applications/STM32CubeIDE.app/Contents/Eclipse/plugins/com.st.stm32cube.ide.mcu.externaltools.gnu-tools-for-stm32.7-2018-q2-update.macos64_1.5.0.202011040924/tools/bin/../lib/gcc/arm-none-eabi/7.3.1/thumb/v7e-m/fpv4-sp/hard/libgcc.a
LOAD /Applications/STM32CubeIDE.app/Contents/Eclipse/plugins/com.st.stm32cube.ide.mcu.externaltools.gnu-tools-for-stm32.7-2018-q2-update.macos64_1.5.0.202011040924/tools/bin/../lib/gcc/arm-none-eabi/7.3.1/../../../../arm-none-eabi/lib/thumb/v7e-m/fpv4-sp/hard/libc_nano.a
LOAD /Applications/STM32CubeIDE.app/Contents/Eclipse/plugins/com.st.stm32cube.ide.mcu.externaltools.gnu-tools-for-stm32.7-2018-q2-update.macos64_1.5.0.202011040924/tools/bin/../lib/gcc/arm-none-eabi/7.3.1/../../../../arm-none-eabi/lib/thumb/v7e-m/fpv4-sp/hard/libnosys.a
END GROUP
LOAD /Applications/STM32CubeIDE.app/Contents/Eclipse/plugins/com.st.stm32cube.ide.mcu.externaltools.gnu-tools-for-stm32.7-2018-q2-update.macos64_1.5.0.202011040924/tools/bin/../lib/gcc/arm-none-eabi/7.3.1/thumb/v7e-m/fpv4-sp/hard/crtend.o
LOAD /Applications/STM32CubeIDE.app/Contents/Eclipse/plugins/com.st.stm32cube.ide.mcu.externaltools.gnu-tools-for-stm32.7-2018-q2-update.macos64_1.5.0.202011040924/tools/bin/../lib/gcc/arm-none-eabi/7.3.1/thumb/v7e-m/fpv4-sp/hard/crtn.o
                0x0000000020020000                _estack = (ORIGIN (RAM) + LENGTH (RAM))
                0x0000000000000200                _Min_Heap_Size = 0x200
                0x0000000000000400                _Min_Stack_Size = 0x400

.isr_vector     0x0000000008000000      0x188
                0x0000000008000000                . = ALIGN (0x4)
 *(.isr_vector)
 .isr_vector    0x0000000008000000      0x188 Core/Startup/startup_stm32f407vetx.o
                0x0000000008000000                g_pfnVectors
                0x0000000008000188                . = ALIGN (0x4)

.text           0x0000000008000188     0x10b0
                0x0000000008000188                . = ALIGN (0x4)
 *(.text)
 .text          0x0000000008000188       0x40 /Applications/STM32CubeIDE.app/Contents/Eclipse/plugins/com.st.stm32cube.ide.mcu.externaltools.gnu-tools-for-stm32.7-2018-q2-update.macos64_1.5.0.202011040924/tools/bin/../lib/gcc/arm-none-eabi/7.3.1/thumb/v7e-m/fpv4-sp/hard/crtbegin.o
 .text          0x00000000080001c8       0x30 /Applications/STM32CubeIDE.app/Contents/Eclipse/plugins/com.st.stm32cube.ide.mcu.externaltools.gnu-tools-for-stm32.7-2018-q2-update.macos64_1.5.0.202011040924/tools/bin/../lib/gcc/arm-none-eabi/7.3.1/thumb/v7e-m/fpv4-sp/hard/libgcc.a(_aeabi_uldivmod.o)
                0x00000000080001c8                __aeabi_uldivmod
 .text          0x00000000080001f8      0x2cc /Applications/STM32CubeIDE.app/Contents/Eclipse/plugins/com.st.stm32cube.ide.mcu.externaltools.gnu-tools-for-stm32.7-2018-q2-update.macos64_1.5.0.202011040924/tools/bin/../lib/gcc/arm-none-eabi/7.3.1/thumb/v7e-m/fpv4-sp/hard/libgcc.a(_udivmoddi4.o)
                0x00000000080001f8                __udivmoddi4
 .text          0x00000000080004c4        0x4 /Applications/STM32CubeIDE.app/Contents/Eclipse/plugins/com.st.stm32cube.ide.mcu.externaltools.gnu-tools-for-stm32.7-2018-q2-update.macos64_1.5.0.202011040924/tools/bin/../lib/gcc/arm-none-eabi/7.3.1/thumb/v7e-m/fpv4-sp/hard/libgcc.a(_dvmd_tls.o)
                0x00000000080004c4                __aeabi_ldiv0
                0x00000000080004c4                __aeabi_idiv0
 *(.text*)
 .text.main     0x00000000080004c8       0x14 Core/Src/main.o
                0x00000000080004c8                main
 .text.SystemClock_Config
                0x00000000080004dc       0xbc Core/Src/main.o
                0x00000000080004dc                SystemClock_Config
 .text.Error_Handler
                0x0000000008000598        0x8 Core/Src/main.o
                0x0000000008000598                Error_Handler
 .text.HAL_MspInit
                0x00000000080005a0       0x50 Core/Src/stm32f4xx_hal_msp.o
                0x00000000080005a0                HAL_MspInit
 .text.NMI_Handler
                0x00000000080005f0        0x6 Core/Src/stm32f4xx_it.o
                0x00000000080005f0                NMI_Handler
 .text.HardFault_Handler
                0x00000000080005f6        0x6 Core/Src/stm32f4xx_it.o
                0x00000000080005f6                HardFault_Handler
 .text.MemManage_Handler
                0x00000000080005fc        0x6 Core/Src/stm32f4xx_it.o
                0x00000000080005fc                MemManage_Handler
 .text.BusFault_Handler
                0x0000000008000602        0x6 Core/Src/stm32f4xx_it.o
                0x0000000008000602                BusFault_Handler
 .text.UsageFault_Handler
                0x0000000008000608        0x6 Core/Src/stm32f4xx_it.o
                0x0000000008000608                UsageFault_Handler
 .text.SVC_Handler
                0x000000000800060e        0xe Core/Src/stm32f4xx_it.o
                0x000000000800060e                SVC_Handler
 .text.DebugMon_Handler
                0x000000000800061c        0xe Core/Src/stm32f4xx_it.o
                0x000000000800061c                DebugMon_Handler
 .text.PendSV_Handler
                0x000000000800062a        0xe Core/Src/stm32f4xx_it.o
                0x000000000800062a                PendSV_Handler
 .text.SysTick_Handler
                0x0000000008000638        0xc Core/Src/stm32f4xx_it.o
                0x0000000008000638                SysTick_Handler
 .text.SystemInit
                0x0000000008000644       0x2c Core/Src/system_stm32f4xx.o
                0x0000000008000644                SystemInit
 .text.Reset_Handler
                0x0000000008000670       0x50 Core/Startup/startup_stm32f407vetx.o
                0x0000000008000670                Reset_Handler
 .text.Default_Handler
                0x00000000080006c0        0x2 Core/Startup/startup_stm32f407vetx.o
                0x00000000080006c0                DMA1_Stream3_IRQHandler
                0x00000000080006c0                HASH_RNG_IRQHandler
                0x00000000080006c0                EXTI2_IRQHandler
                0x00000000080006c0                TIM8_CC_IRQHandler
                0x00000000080006c0                TIM1_CC_IRQHandler
                0x00000000080006c0                DMA2_Stream5_IRQHandler
                0x00000000080006c0                DMA1_Stream5_IRQHandler
                0x00000000080006c0                PVD_IRQHandler
                0x00000000080006c0                SDIO_IRQHandler
                0x00000000080006c0                TAMP_STAMP_IRQHandler
                0x00000000080006c0                CAN2_RX1_IRQHandler
                0x00000000080006c0                EXTI3_IRQHandler
                0x00000000080006c0                TIM8_TRG_COM_TIM14_IRQHandler
                0x00000000080006c0                TIM1_UP_TIM10_IRQHandler
                0x00000000080006c0                TIM8_UP_TIM13_IRQHandler
                0x00000000080006c0                I2C3_ER_IRQHandler
                0x00000000080006c0                EXTI0_IRQHandler
                0x00000000080006c0                I2C2_EV_IRQHandler
                0x00000000080006c0                DMA1_Stream2_IRQHandler
                0x00000000080006c0                CAN1_RX0_IRQHandler
                0x00000000080006c0                FPU_IRQHandler
                0x00000000080006c0                OTG_HS_WKUP_IRQHandler
                0x00000000080006c0                CAN2_SCE_IRQHandler
                0x00000000080006c0                DMA2_Stream2_IRQHandler
                0x00000000080006c0                SPI1_IRQHandler
                0x00000000080006c0                TIM6_DAC_IRQHandler
                0x00000000080006c0                TIM1_BRK_TIM9_IRQHandler
                0x00000000080006c0                DCMI_IRQHandler
                0x00000000080006c0                CAN2_RX0_IRQHandler
                0x00000000080006c0                DMA2_Stream3_IRQHandler
                0x00000000080006c0                USART6_IRQHandler
                0x00000000080006c0                USART3_IRQHandler
                0x00000000080006c0                CAN1_RX1_IRQHandler
                0x00000000080006c0                UART5_IRQHandler
                0x00000000080006c0                DMA2_Stream0_IRQHandler
                0x00000000080006c0                TIM4_IRQHandler
                0x00000000080006c0                I2C1_EV_IRQHandler
                0x00000000080006c0                DMA1_Stream6_IRQHandler
                0x00000000080006c0                DMA1_Stream1_IRQHandler
                0x00000000080006c0                UART4_IRQHandler
                0x00000000080006c0                TIM3_IRQHandler
                0x00000000080006c0                RCC_IRQHandler
                0x00000000080006c0                TIM8_BRK_TIM12_IRQHandler
                0x00000000080006c0                Default_Handler
                0x00000000080006c0                EXTI15_10_IRQHandler
                0x00000000080006c0                ADC_IRQHandler
                0x00000000080006c0                DMA1_Stream7_IRQHandler
                0x00000000080006c0                TIM7_IRQHandler
                0x00000000080006c0                CAN2_TX_IRQHandler
                0x00000000080006c0                TIM5_IRQHandler
                0x00000000080006c0                DMA2_Stream7_IRQHandler
                0x00000000080006c0                I2C3_EV_IRQHandler
                0x00000000080006c0                EXTI9_5_IRQHandler
                0x00000000080006c0                RTC_WKUP_IRQHandler
                0x00000000080006c0                ETH_WKUP_IRQHandler
                0x00000000080006c0                SPI2_IRQHandler
                0x00000000080006c0                OTG_HS_EP1_IN_IRQHandler
                0x00000000080006c0                DMA1_Stream0_IRQHandler
                0x00000000080006c0                CAN1_TX_IRQHandler
                0x00000000080006c0                EXTI4_IRQHandler
                0x00000000080006c0                FSMC_IRQHandler
                0x00000000080006c0                ETH_IRQHandler
                0x00000000080006c0                OTG_HS_EP1_OUT_IRQHandler
                0x00000000080006c0                WWDG_IRQHandler
                0x00000000080006c0                TIM2_IRQHandler
                0x00000000080006c0                OTG_FS_WKUP_IRQHandler
                0x00000000080006c0                TIM1_TRG_COM_TIM11_IRQHandler
                0x00000000080006c0                OTG_HS_IRQHandler
                0x00000000080006c0                EXTI1_IRQHandler
                0x00000000080006c0                USART2_IRQHandler
                0x00000000080006c0                I2C2_ER_IRQHandler
                0x00000000080006c0                DMA2_Stream1_IRQHandler
                0x00000000080006c0                CAN1_SCE_IRQHandler
                0x00000000080006c0                FLASH_IRQHandler
                0x00000000080006c0                DMA2_Stream4_IRQHandler
                0x00000000080006c0                USART1_IRQHandler
                0x00000000080006c0                OTG_FS_IRQHandler
                0x00000000080006c0                SPI3_IRQHandler
                0x00000000080006c0                DMA1_Stream4_IRQHandler
                0x00000000080006c0                I2C1_ER_IRQHandler
                0x00000000080006c0                DMA2_Stream6_IRQHandler
                0x00000000080006c0                RTC_Alarm_IRQHandler
 *fill*         0x00000000080006c2        0x2 
 .text.HAL_Init
                0x00000000080006c4       0x44 Drivers/STM32F4xx_HAL_Driver/Src/stm32f4xx_hal.o
                0x00000000080006c4                HAL_Init
 .text.HAL_InitTick
                0x0000000008000708       0x60 Drivers/STM32F4xx_HAL_Driver/Src/stm32f4xx_hal.o
                0x0000000008000708                HAL_InitTick
 .text.HAL_IncTick
                0x0000000008000768       0x28 Drivers/STM32F4xx_HAL_Driver/Src/stm32f4xx_hal.o
                0x0000000008000768                HAL_IncTick
 .text.HAL_GetTick
                0x0000000008000790       0x18 Drivers/STM32F4xx_HAL_Driver/Src/stm32f4xx_hal.o
                0x0000000008000790                HAL_GetTick
 .text.HAL_Delay
                0x00000000080007a8       0x44 Drivers/STM32F4xx_HAL_Driver/Src/stm32f4xx_hal.o
                0x00000000080007a8                HAL_Delay
 .text.__NVIC_SetPriorityGrouping
                0x00000000080007ec       0x48 Drivers/STM32F4xx_HAL_Driver/Src/stm32f4xx_hal_cortex.o
 .text.__NVIC_GetPriorityGrouping
                0x0000000008000834       0x1c Drivers/STM32F4xx_HAL_Driver/Src/stm32f4xx_hal_cortex.o
 .text.__NVIC_SetPriority
                0x0000000008000850       0x54 Drivers/STM32F4xx_HAL_Driver/Src/stm32f4xx_hal_cortex.o
 .text.NVIC_EncodePriority
                0x00000000080008a4       0x66 Drivers/STM32F4xx_HAL_Driver/Src/stm32f4xx_hal_cortex.o
 *fill*         0x000000000800090a        0x2 
 .text.SysTick_Config
                0x000000000800090c       0x44 Drivers/STM32F4xx_HAL_Driver/Src/stm32f4xx_hal_cortex.o
 .text.HAL_NVIC_SetPriorityGrouping
                0x0000000008000950       0x16 Drivers/STM32F4xx_HAL_Driver/Src/stm32f4xx_hal_cortex.o
                0x0000000008000950                HAL_NVIC_SetPriorityGrouping
 .text.HAL_NVIC_SetPriority
                0x0000000008000966       0x38 Drivers/STM32F4xx_HAL_Driver/Src/stm32f4xx_hal_cortex.o
                0x0000000008000966                HAL_NVIC_SetPriority
 .text.HAL_SYSTICK_Config
                0x000000000800099e       0x18 Drivers/STM32F4xx_HAL_Driver/Src/stm32f4xx_hal_cortex.o
                0x000000000800099e                HAL_SYSTICK_Config
 *fill*         0x00000000080009b6        0x2 
 .text.HAL_RCC_OscConfig
                0x00000000080009b8      0x4e0 Drivers/STM32F4xx_HAL_Driver/Src/stm32f4xx_hal_rcc.o
                0x00000000080009b8                HAL_RCC_OscConfig
 .text.HAL_RCC_ClockConfig
                0x0000000008000e98      0x1cc Drivers/STM32F4xx_HAL_Driver/Src/stm32f4xx_hal_rcc.o
                0x0000000008000e98                HAL_RCC_ClockConfig
 .text.HAL_RCC_GetSysClockFreq
                0x0000000008001064      0x164 Drivers/STM32F4xx_HAL_Driver/Src/stm32f4xx_hal_rcc.o
                0x0000000008001064                HAL_RCC_GetSysClockFreq
 .text.__libc_init_array
                0x00000000080011c8       0x48 /Applications/STM32CubeIDE.app/Contents/Eclipse/plugins/com.st.stm32cube.ide.mcu.externaltools.gnu-tools-for-stm32.7-2018-q2-update.macos64_1.5.0.202011040924/tools/bin/../lib/gcc/arm-none-eabi/7.3.1/../../../../arm-none-eabi/lib/thumb/v7e-m/fpv4-sp/hard/libc_nano.a(lib_a-init.o)
                0x00000000080011c8                __libc_init_array
 .text.memset   0x0000000008001210       0x10 /Applications/STM32CubeIDE.app/Contents/Eclipse/plugins/com.st.stm32cube.ide.mcu.externaltools.gnu-tools-for-stm32.7-2018-q2-update.macos64_1.5.0.202011040924/tools/bin/../lib/gcc/arm-none-eabi/7.3.1/../../../../arm-none-eabi/lib/thumb/v7e-m/fpv4-sp/hard/libc_nano.a(lib_a-memset.o)
                0x0000000008001210                memset
 *(.glue_7)
 .glue_7        0x0000000008001220        0x0 linker stubs
 *(.glue_7t)
 .glue_7t       0x0000000008001220        0x0 linker stubs
 *(.eh_frame)
 .eh_frame      0x0000000008001220        0x0 /Applications/STM32CubeIDE.app/Contents/Eclipse/plugins/com.st.stm32cube.ide.mcu.externaltools.gnu-tools-for-stm32.7-2018-q2-update.macos64_1.5.0.202011040924/tools/bin/../lib/gcc/arm-none-eabi/7.3.1/thumb/v7e-m/fpv4-sp/hard/crtbegin.o
 *(.init)
 .init          0x0000000008001220        0x4 /Applications/STM32CubeIDE.app/Contents/Eclipse/plugins/com.st.stm32cube.ide.mcu.externaltools.gnu-tools-for-stm32.7-2018-q2-update.macos64_1.5.0.202011040924/tools/bin/../lib/gcc/arm-none-eabi/7.3.1/thumb/v7e-m/fpv4-sp/hard/crti.o
                0x0000000008001220                _init
 .init          0x0000000008001224        0x8 /Applications/STM32CubeIDE.app/Contents/Eclipse/plugins/com.st.stm32cube.ide.mcu.externaltools.gnu-tools-for-stm32.7-2018-q2-update.macos64_1.5.0.202011040924/tools/bin/../lib/gcc/arm-none-eabi/7.3.1/thumb/v7e-m/fpv4-sp/hard/crtn.o
 *(.fini)
 .fini          0x000000000800122c        0x4 /Applications/STM32CubeIDE.app/Contents/Eclipse/plugins/com.st.stm32cube.ide.mcu.externaltools.gnu-tools-for-stm32.7-2018-q2-update.macos64_1.5.0.202011040924/tools/bin/../lib/gcc/arm-none-eabi/7.3.1/thumb/v7e-m/fpv4-sp/hard/crti.o
                0x000000000800122c                _fini
 .fini          0x0000000008001230        0x8 /Applications/STM32CubeIDE.app/Contents/Eclipse/plugins/com.st.stm32cube.ide.mcu.externaltools.gnu-tools-for-stm32.7-2018-q2-update.macos64_1.5.0.202011040924/tools/bin/../lib/gcc/arm-none-eabi/7.3.1/thumb/v7e-m/fpv4-sp/hard/crtn.o
                0x0000000008001238                . = ALIGN (0x4)
                0x0000000008001238                _etext = .

.vfp11_veneer   0x0000000008001238        0x0
 .vfp11_veneer  0x0000000008001238        0x0 linker stubs

.v4_bx          0x0000000008001238        0x0
 .v4_bx         0x0000000008001238        0x0 linker stubs

.iplt           0x0000000008001238        0x0
 .iplt          0x0000000008001238        0x0 /Applications/STM32CubeIDE.app/Contents/Eclipse/plugins/com.st.stm32cube.ide.mcu.externaltools.gnu-tools-for-stm32.7-2018-q2-update.macos64_1.5.0.202011040924/tools/bin/../lib/gcc/arm-none-eabi/7.3.1/thumb/v7e-m/fpv4-sp/hard/crtbegin.o

.rodata         0x0000000008001238       0x10
                0x0000000008001238                . = ALIGN (0x4)
 *(.rodata)
 *(.rodata*)
 .rodata.AHBPrescTable
                0x0000000008001238       0x10 Core/Src/system_stm32f4xx.o
                0x0000000008001238                AHBPrescTable
                0x0000000008001248                . = ALIGN (0x4)

.ARM.extab      0x0000000008001248        0x0
                0x0000000008001248                . = ALIGN (0x4)
 *(.ARM.extab* .gnu.linkonce.armextab.*)
                0x0000000008001248                . = ALIGN (0x4)

.ARM            0x0000000008001248        0x8
                0x0000000008001248                . = ALIGN (0x4)
                0x0000000008001248                __exidx_start = .
 *(.ARM.exidx*)
 .ARM.exidx     0x0000000008001248        0x8 /Applications/STM32CubeIDE.app/Contents/Eclipse/plugins/com.st.stm32cube.ide.mcu.externaltools.gnu-tools-for-stm32.7-2018-q2-update.macos64_1.5.0.202011040924/tools/bin/../lib/gcc/arm-none-eabi/7.3.1/thumb/v7e-m/fpv4-sp/hard/libgcc.a(_udivmoddi4.o)
                0x0000000008001250                __exidx_end = .
                0x0000000008001250                . = ALIGN (0x4)

.rel.dyn        0x0000000008001250        0x0
 .rel.iplt      0x0000000008001250        0x0 /Applications/STM32CubeIDE.app/Contents/Eclipse/plugins/com.st.stm32cube.ide.mcu.externaltools.gnu-tools-for-stm32.7-2018-q2-update.macos64_1.5.0.202011040924/tools/bin/../lib/gcc/arm-none-eabi/7.3.1/thumb/v7e-m/fpv4-sp/hard/crtbegin.o

.preinit_array  0x0000000008001250        0x0
                0x0000000008001250                . = ALIGN (0x4)
                0x0000000008001250                PROVIDE (__preinit_array_start = .)
 *(.preinit_array*)
                0x0000000008001250                PROVIDE (__preinit_array_end = .)
                0x0000000008001250                . = ALIGN (0x4)

.init_array     0x0000000008001250        0x4
                0x0000000008001250                . = ALIGN (0x4)
                0x0000000008001250                PROVIDE (__init_array_start = .)
 *(SORT_BY_NAME(.init_array.*))
 *(.init_array*)
 .init_array    0x0000000008001250        0x4 /Applications/STM32CubeIDE.app/Contents/Eclipse/plugins/com.st.stm32cube.ide.mcu.externaltools.gnu-tools-for-stm32.7-2018-q2-update.macos64_1.5.0.202011040924/tools/bin/../lib/gcc/arm-none-eabi/7.3.1/thumb/v7e-m/fpv4-sp/hard/crtbegin.o
                0x0000000008001254                PROVIDE (__init_array_end = .)
                0x0000000008001254                . = ALIGN (0x4)

.fini_array     0x0000000008001254        0x4
                0x0000000008001254                . = ALIGN (0x4)
                [!provide]                        PROVIDE (__fini_array_start = .)
 *(SORT_BY_NAME(.fini_array.*))
 *(.fini_array*)
 .fini_array    0x0000000008001254        0x4 /Applications/STM32CubeIDE.app/Contents/Eclipse/plugins/com.st.stm32cube.ide.mcu.externaltools.gnu-tools-for-stm32.7-2018-q2-update.macos64_1.5.0.202011040924/tools/bin/../lib/gcc/arm-none-eabi/7.3.1/thumb/v7e-m/fpv4-sp/hard/crtbegin.o
                [!provide]                        PROVIDE (__fini_array_end = .)
                0x0000000008001258                . = ALIGN (0x4)
                0x0000000008001258                _sidata = LOADADDR (.data)

.data           0x0000000020000000        0xc load address 0x0000000008001258
                0x0000000020000000                . = ALIGN (0x4)
                0x0000000020000000                _sdata = .
 *(.data)
 *(.data*)
 .data.SystemCoreClock
                0x0000000020000000        0x4 Core/Src/system_stm32f4xx.o
                0x0000000020000000                SystemCoreClock
 .data.uwTickPrio
                0x0000000020000004        0x4 Drivers/STM32F4xx_HAL_Driver/Src/stm32f4xx_hal.o
                0x0000000020000004                uwTickPrio
 .data.uwTickFreq
                0x0000000020000008        0x1 Drivers/STM32F4xx_HAL_Driver/Src/stm32f4xx_hal.o
                0x0000000020000008                uwTickFreq
 *(.RamFunc)
 *(.RamFunc*)
                0x000000002000000c                . = ALIGN (0x4)
 *fill*         0x0000000020000009        0x3 
                0x000000002000000c                _edata = .

.igot.plt       0x000000002000000c        0x0 load address 0x0000000008001264
 .igot.plt      0x000000002000000c        0x0 /Applications/STM32CubeIDE.app/Contents/Eclipse/plugins/com.st.stm32cube.ide.mcu.externaltools.gnu-tools-for-stm32.7-2018-q2-update.macos64_1.5.0.202011040924/tools/bin/../lib/gcc/arm-none-eabi/7.3.1/thumb/v7e-m/fpv4-sp/hard/crtbegin.o
                0x000000002000000c                . = ALIGN (0x4)

.bss            0x000000002000000c       0x20 load address 0x0000000008001264
                0x000000002000000c                _sbss = .
                0x000000002000000c                __bss_start__ = _sbss
 *(.bss)
 .bss           0x000000002000000c       0x1c /Applications/STM32CubeIDE.app/Contents/Eclipse/plugins/com.st.stm32cube.ide.mcu.externaltools.gnu-tools-for-stm32.7-2018-q2-update.macos64_1.5.0.202011040924/tools/bin/../lib/gcc/arm-none-eabi/7.3.1/thumb/v7e-m/fpv4-sp/hard/crtbegin.o
 *(.bss*)
 *(COMMON)
 COMMON         0x0000000020000028        0x4 Drivers/STM32F4xx_HAL_Driver/Src/stm32f4xx_hal.o
                0x0000000020000028                uwTick
                0x000000002000002c                . = ALIGN (0x4)
                0x000000002000002c                _ebss = .
                0x000000002000002c                __bss_end__ = _ebss

._user_heap_stack
                0x000000002000002c      0x604 load address 0x0000000008001264
                0x0000000020000030                . = ALIGN (0x8)
 *fill*         0x000000002000002c        0x4 
                [!provide]                        PROVIDE (end = .)
                0x0000000020000030                PROVIDE (_end = .)
                0x0000000020000230                . = (. + _Min_Heap_Size)
 *fill*         0x0000000020000030      0x200 
                0x0000000020000630                . = (. + _Min_Stack_Size)
 *fill*         0x0000000020000230      0x400 
                0x0000000020000630                . = ALIGN (0x8)

/DISCARD/
 libc.a(*)
 libm.a(*)
 libgcc.a(*)

.ARM.attributes
                0x0000000000000000       0x30
 *(.ARM.attributes)
 .ARM.attributes
                0x0000000000000000       0x22 /Applications/STM32CubeIDE.app/Contents/Eclipse/plugins/com.st.stm32cube.ide.mcu.externaltools.gnu-tools-for-stm32.7-2018-q2-update.macos64_1.5.0.202011040924/tools/bin/../lib/gcc/arm-none-eabi/7.3.1/thumb/v7e-m/fpv4-sp/hard/crti.o
 .ARM.attributes
                0x0000000000000022       0x34 /Applications/STM32CubeIDE.app/Contents/Eclipse/plugins/com.st.stm32cube.ide.mcu.externaltools.gnu-tools-for-stm32.7-2018-q2-update.macos64_1.5.0.202011040924/tools/bin/../lib/gcc/arm-none-eabi/7.3.1/thumb/v7e-m/fpv4-sp/hard/crtbegin.o
 .ARM.attributes
                0x0000000000000056       0x39 Core/Src/main.o
 .ARM.attributes
                0x000000000000008f       0x39 Core/Src/stm32f4xx_hal_msp.o
 .ARM.attributes
                0x00000000000000c8       0x39 Core/Src/stm32f4xx_it.o
 .ARM.attributes
                0x0000000000000101       0x39 Core/Src/system_stm32f4xx.o
 .ARM.attributes
                0x000000000000013a       0x21 Core/Startup/startup_stm32f407vetx.o
 .ARM.attributes
                0x000000000000015b       0x39 Drivers/STM32F4xx_HAL_Driver/Src/stm32f4xx_hal.o
 .ARM.attributes
                0x0000000000000194       0x39 Drivers/STM32F4xx_HAL_Driver/Src/stm32f4xx_hal_cortex.o
 .ARM.attributes
                0x00000000000001cd       0x39 Drivers/STM32F4xx_HAL_Driver/Src/stm32f4xx_hal_rcc.o
 .ARM.attributes
                0x0000000000000206       0x34 /Applications/STM32CubeIDE.app/Contents/Eclipse/plugins/com.st.stm32cube.ide.mcu.externaltools.gnu-tools-for-stm32.7-2018-q2-update.macos64_1.5.0.202011040924/tools/bin/../lib/gcc/arm-none-eabi/7.3.1/../../../../arm-none-eabi/lib/thumb/v7e-m/fpv4-sp/hard/libc_nano.a(lib_a-init.o)
 .ARM.attributes
                0x000000000000023a       0x34 /Applications/STM32CubeIDE.app/Contents/Eclipse/plugins/com.st.stm32cube.ide.mcu.externaltools.gnu-tools-for-stm32.7-2018-q2-update.macos64_1.5.0.202011040924/tools/bin/../lib/gcc/arm-none-eabi/7.3.1/../../../../arm-none-eabi/lib/thumb/v7e-m/fpv4-sp/hard/libc_nano.a(lib_a-memset.o)
 .ARM.attributes
                0x000000000000026e       0x22 /Applications/STM32CubeIDE.app/Contents/Eclipse/plugins/com.st.stm32cube.ide.mcu.externaltools.gnu-tools-for-stm32.7-2018-q2-update.macos64_1.5.0.202011040924/tools/bin/../lib/gcc/arm-none-eabi/7.3.1/thumb/v7e-m/fpv4-sp/hard/libgcc.a(_aeabi_uldivmod.o)
 .ARM.attributes
                0x0000000000000290       0x34 /Applications/STM32CubeIDE.app/Contents/Eclipse/plugins/com.st.stm32cube.ide.mcu.externaltools.gnu-tools-for-stm32.7-2018-q2-update.macos64_1.5.0.202011040924/tools/bin/../lib/gcc/arm-none-eabi/7.3.1/thumb/v7e-m/fpv4-sp/hard/libgcc.a(_udivmoddi4.o)
 .ARM.attributes
                0x00000000000002c4       0x22 /Applications/STM32CubeIDE.app/Contents/Eclipse/plugins/com.st.stm32cube.ide.mcu.externaltools.gnu-tools-for-stm32.7-2018-q2-update.macos64_1.5.0.202011040924/tools/bin/../lib/gcc/arm-none-eabi/7.3.1/thumb/v7e-m/fpv4-sp/hard/libgcc.a(_dvmd_tls.o)
 .ARM.attributes
                0x00000000000002e6       0x22 /Applications/STM32CubeIDE.app/Contents/Eclipse/plugins/com.st.stm32cube.ide.mcu.externaltools.gnu-tools-for-stm32.7-2018-q2-update.macos64_1.5.0.202011040924/tools/bin/../lib/gcc/arm-none-eabi/7.3.1/thumb/v7e-m/fpv4-sp/hard/crtn.o
OUTPUT(Firmware-STM32F407VE.elf elf32-littlearm)

.debug_info     0x0000000000000000     0x3083
 .debug_info    0x0000000000000000      0x530 Core/Src/main.o
 .debug_info    0x0000000000000530      0x362 Core/Src/stm32f4xx_hal_msp.o
 .debug_info    0x0000000000000892      0x20a Core/Src/stm32f4xx_it.o
 .debug_info    0x0000000000000a9c      0x554 Core/Src/system_stm32f4xx.o
 .debug_info    0x0000000000000ff0       0x22 Core/Startup/startup_stm32f407vetx.o
 .debug_info    0x0000000000001012      0x945 Drivers/STM32F4xx_HAL_Driver/Src/stm32f4xx_hal.o
 .debug_info    0x0000000000001957      0xe28 Drivers/STM32F4xx_HAL_Driver/Src/stm32f4xx_hal_cortex.o
 .debug_info    0x000000000000277f      0x904 Drivers/STM32F4xx_HAL_Driver/Src/stm32f4xx_hal_rcc.o

.debug_abbrev   0x0000000000000000      0xb9a
 .debug_abbrev  0x0000000000000000      0x188 Core/Src/main.o
 .debug_abbrev  0x0000000000000188      0x109 Core/Src/stm32f4xx_hal_msp.o
 .debug_abbrev  0x0000000000000291       0xc6 Core/Src/stm32f4xx_it.o
 .debug_abbrev  0x0000000000000357      0x12b Core/Src/system_stm32f4xx.o
 .debug_abbrev  0x0000000000000482       0x12 Core/Startup/startup_stm32f407vetx.o
 .debug_abbrev  0x0000000000000494      0x1c7 Drivers/STM32F4xx_HAL_Driver/Src/stm32f4xx_hal.o
 .debug_abbrev  0x000000000000065b      0x2fa Drivers/STM32F4xx_HAL_Driver/Src/stm32f4xx_hal_cortex.o
 .debug_abbrev  0x0000000000000955      0x245 Drivers/STM32F4xx_HAL_Driver/Src/stm32f4xx_hal_rcc.o

.debug_aranges  0x0000000000000000      0x390
 .debug_aranges
                0x0000000000000000       0x30 Core/Src/main.o
 .debug_aranges
                0x0000000000000030       0x20 Core/Src/stm32f4xx_hal_msp.o
 .debug_aranges
                0x0000000000000050       0x60 Core/Src/stm32f4xx_it.o
 .debug_aranges
                0x00000000000000b0       0x28 Core/Src/system_stm32f4xx.o
 .debug_aranges
                0x00000000000000d8       0x28 Core/Startup/startup_stm32f407vetx.o
 .debug_aranges
                0x0000000000000100       0xf0 Drivers/STM32F4xx_HAL_Driver/Src/stm32f4xx_hal.o
 .debug_aranges
                0x00000000000001f0      0x118 Drivers/STM32F4xx_HAL_Driver/Src/stm32f4xx_hal_cortex.o
 .debug_aranges
                0x0000000000000308       0x88 Drivers/STM32F4xx_HAL_Driver/Src/stm32f4xx_hal_rcc.o

.debug_ranges   0x0000000000000000      0x318
 .debug_ranges  0x0000000000000000       0x20 Core/Src/main.o
 .debug_ranges  0x0000000000000020       0x10 Core/Src/stm32f4xx_hal_msp.o
 .debug_ranges  0x0000000000000030       0x50 Core/Src/stm32f4xx_it.o
 .debug_ranges  0x0000000000000080       0x18 Core/Src/system_stm32f4xx.o
 .debug_ranges  0x0000000000000098       0x20 Core/Startup/startup_stm32f407vetx.o
 .debug_ranges  0x00000000000000b8       0xe0 Drivers/STM32F4xx_HAL_Driver/Src/stm32f4xx_hal.o
 .debug_ranges  0x0000000000000198      0x108 Drivers/STM32F4xx_HAL_Driver/Src/stm32f4xx_hal_cortex.o
 .debug_ranges  0x00000000000002a0       0x78 Drivers/STM32F4xx_HAL_Driver/Src/stm32f4xx_hal_rcc.o

.debug_macro    0x0000000000000000    0x1ea44
 .debug_macro   0x0000000000000000      0x1ba Core/Src/main.o
 .debug_macro   0x00000000000001ba      0xa5a Core/Src/main.o
 .debug_macro   0x0000000000000c14      0x288 Core/Src/main.o
 .debug_macro   0x0000000000000e9c       0x2e Core/Src/main.o
 .debug_macro   0x0000000000000eca       0x2f Core/Src/main.o
 .debug_macro   0x0000000000000ef9       0x22 Core/Src/main.o
 .debug_macro   0x0000000000000f1b       0x8e Core/Src/main.o
 .debug_macro   0x0000000000000fa9       0x51 Core/Src/main.o
 .debug_macro   0x0000000000000ffa       0xef Core/Src/main.o
 .debug_macro   0x00000000000010e9       0x6a Core/Src/main.o
 .debug_macro   0x0000000000001153      0x1df Core/Src/main.o
 .debug_macro   0x0000000000001332       0x1c Core/Src/main.o
 .debug_macro   0x000000000000134e       0x22 Core/Src/main.o
 .debug_macro   0x0000000000001370       0xdf Core/Src/main.o
 .debug_macro   0x000000000000144f     0x102d Core/Src/main.o
 .debug_macro   0x000000000000247c      0x11f Core/Src/main.o
 .debug_macro   0x000000000000259b    0x15e3c Core/Src/main.o
 .debug_macro   0x00000000000183d7       0x43 Core/Src/main.o
 .debug_macro   0x000000000001841a     0x3659 Core/Src/main.o
 .debug_macro   0x000000000001ba73      0x174 Core/Src/main.o
 .debug_macro   0x000000000001bbe7       0x5a Core/Src/main.o
 .debug_macro   0x000000000001bc41      0x96b Core/Src/main.o
 .debug_macro   0x000000000001c5ac      0x9fe Core/Src/main.o
 .debug_macro   0x000000000001cfaa      0x117 Core/Src/main.o
 .debug_macro   0x000000000001d0c1      0x13e Core/Src/main.o
 .debug_macro   0x000000000001d1ff       0x27 Core/Src/main.o
 .debug_macro   0x000000000001d226      0x174 Core/Src/main.o
 .debug_macro   0x000000000001d39a      0x287 Core/Src/main.o
 .debug_macro   0x000000000001d621       0x5f Core/Src/main.o
 .debug_macro   0x000000000001d680      0x236 Core/Src/main.o
 .debug_macro   0x000000000001d8b6      0x12c Core/Src/main.o
 .debug_macro   0x000000000001d9e2      0x21e Core/Src/main.o
 .debug_macro   0x000000000001dc00       0x2e Core/Src/main.o
 .debug_macro   0x000000000001dc2e      0x11a Core/Src/main.o
 .debug_macro   0x000000000001dd48       0x7e Core/Src/main.o
 .debug_macro   0x000000000001ddc6       0x89 Core/Src/main.o
 .debug_macro   0x000000000001de4f      0x12d Core/Src/main.o
 .debug_macro   0x000000000001df7c      0x1ba Core/Src/stm32f4xx_hal_msp.o
 .debug_macro   0x000000000001e136      0x1c4 Core/Src/stm32f4xx_it.o
 .debug_macro   0x000000000001e2fa      0x1b6 Core/Src/system_stm32f4xx.o
 .debug_macro   0x000000000001e4b0      0x210 Drivers/STM32F4xx_HAL_Driver/Src/stm32f4xx_hal.o
 .debug_macro   0x000000000001e6c0      0x1b0 Drivers/STM32F4xx_HAL_Driver/Src/stm32f4xx_hal_cortex.o
 .debug_macro   0x000000000001e870      0x1d4 Drivers/STM32F4xx_HAL_Driver/Src/stm32f4xx_hal_rcc.o

.debug_line     0x0000000000000000     0x37a3
 .debug_line    0x0000000000000000      0x6e0 Core/Src/main.o
 .debug_line    0x00000000000006e0      0x6a8 Core/Src/stm32f4xx_hal_msp.o
 .debug_line    0x0000000000000d88      0x750 Core/Src/stm32f4xx_it.o
 .debug_line    0x00000000000014d8      0x6c3 Core/Src/system_stm32f4xx.o
 .debug_line    0x0000000000001b9b       0x85 Core/Startup/startup_stm32f407vetx.o
 .debug_line    0x0000000000001c20      0x8ad Drivers/STM32F4xx_HAL_Driver/Src/stm32f4xx_hal.o
 .debug_line    0x00000000000024cd      0x9d1 Drivers/STM32F4xx_HAL_Driver/Src/stm32f4xx_hal_cortex.o
 .debug_line    0x0000000000002e9e      0x905 Drivers/STM32F4xx_HAL_Driver/Src/stm32f4xx_hal_rcc.o

.debug_str      0x0000000000000000    0xbb2e5
 .debug_str     0x0000000000000000    0xba027 Core/Src/main.o
                                      0xba2a1 (size before relaxing)
 .debug_str     0x00000000000ba027       0x2c Core/Src/stm32f4xx_hal_msp.o
                                      0xba146 (size before relaxing)
 .debug_str     0x00000000000ba053       0xbd Core/Src/stm32f4xx_it.o
                                      0xba0d4 (size before relaxing)
 .debug_str     0x00000000000ba110       0xc4 Core/Src/system_stm32f4xx.o
                                      0xba1cd (size before relaxing)
 .debug_str     0x00000000000ba1d4       0x36 Core/Startup/startup_stm32f407vetx.o
                                         0x7a (size before relaxing)
 .debug_str     0x00000000000ba20a      0xa65 Drivers/STM32F4xx_HAL_Driver/Src/stm32f4xx_hal.o
                                      0xbac9a (size before relaxing)
 .debug_str     0x00000000000bac6f      0x3aa Drivers/STM32F4xx_HAL_Driver/Src/stm32f4xx_hal_cortex.o
                                      0xbaa89 (size before relaxing)
 .debug_str     0x00000000000bb019      0x2cc Drivers/STM32F4xx_HAL_Driver/Src/stm32f4xx_hal_rcc.o
                                      0xba5ba (size before relaxing)

.comment        0x0000000000000000       0x7b
 .comment       0x0000000000000000       0x7b Core/Src/main.o
                                         0x7c (size before relaxing)
 .comment       0x000000000000007b       0x7c Core/Src/stm32f4xx_hal_msp.o
 .comment       0x000000000000007b       0x7c Core/Src/stm32f4xx_it.o
 .comment       0x000000000000007b       0x7c Core/Src/system_stm32f4xx.o
 .comment       0x000000000000007b       0x7c Drivers/STM32F4xx_HAL_Driver/Src/stm32f4xx_hal.o
 .comment       0x000000000000007b       0x7c Drivers/STM32F4xx_HAL_Driver/Src/stm32f4xx_hal_cortex.o
 .comment       0x000000000000007b       0x7c Drivers/STM32F4xx_HAL_Driver/Src/stm32f4xx_hal_rcc.o

.debug_frame    0x0000000000000000      0xca4
 .debug_frame   0x0000000000000000       0x68 Core/Src/main.o
 .debug_frame   0x0000000000000068       0x38 Core/Src/stm32f4xx_hal_msp.o
 .debug_frame   0x00000000000000a0      0x104 Core/Src/stm32f4xx_it.o
 .debug_frame   0x00000000000001a4       0x58 Core/Src/system_stm32f4xx.o
 .debug_frame   0x00000000000001fc      0x374 Drivers/STM32F4xx_HAL_Driver/Src/stm32f4xx_hal.o
 .debug_frame   0x0000000000000570      0x498 Drivers/STM32F4xx_HAL_Driver/Src/stm32f4xx_hal_cortex.o
 .debug_frame   0x0000000000000a08      0x1f0 Drivers/STM32F4xx_HAL_Driver/Src/stm32f4xx_hal_rcc.o
 .debug_frame   0x0000000000000bf8       0x2c /Applications/STM32CubeIDE.app/Contents/Eclipse/plugins/com.st.stm32cube.ide.mcu.externaltools.gnu-tools-for-stm32.7-2018-q2-update.macos64_1.5.0.202011040924/tools/bin/../lib/gcc/arm-none-eabi/7.3.1/../../../../arm-none-eabi/lib/thumb/v7e-m/fpv4-sp/hard/libc_nano.a(lib_a-init.o)
 .debug_frame   0x0000000000000c24       0x20 /Applications/STM32CubeIDE.app/Contents/Eclipse/plugins/com.st.stm32cube.ide.mcu.externaltools.gnu-tools-for-stm32.7-2018-q2-update.macos64_1.5.0.202011040924/tools/bin/../lib/gcc/arm-none-eabi/7.3.1/../../../../arm-none-eabi/lib/thumb/v7e-m/fpv4-sp/hard/libc_nano.a(lib_a-memset.o)
 .debug_frame   0x0000000000000c44       0x2c /Applications/STM32CubeIDE.app/Contents/Eclipse/plugins/com.st.stm32cube.ide.mcu.externaltools.gnu-tools-for-stm32.7-2018-q2-update.macos64_1.5.0.202011040924/tools/bin/../lib/gcc/arm-none-eabi/7.3.1/thumb/v7e-m/fpv4-sp/hard/libgcc.a(_aeabi_uldivmod.o)
 .debug_frame   0x0000000000000c70       0x34 /Applications/STM32CubeIDE.app/Contents/Eclipse/plugins/com.st.stm32cube.ide.mcu.externaltools.gnu-tools-for-stm32.7-2018-q2-update.macos64_1.5.0.202011040924/tools/bin/../lib/gcc/arm-none-eabi/7.3.1/thumb/v7e-m/fpv4-sp/hard/libgcc.a(_udivmoddi4.o)
